// Jest Snapshot v1, https://goo.gl/fbAQLP

exports[`should render expense item from expenses array 1`] = `
<div>
  <Link
    replace={false}
    to="/edit/2"
  >
    <h3>
      rent
    </h3>
  </Link>
  <p>
    $750.00
    -
    January 5th, 1970
  </p>
</div>
`;
